DuplicateTypeAnnotation.java:32:18: compiler.err.duplicate.annotation
1 error
