DuplicateAnnotationValue.java:31:37: compiler.err.duplicate.annotation.member.value: value, A
1 error
