InvalidLocation.java:32:15: compiler.err.annotation.type.not.applicable
1 error
