MissingAnnotationValue.java:31:15: compiler.err.annotation.missing.default.value: A, field
1 error
