DuplicateTypeAnnotation.java:33:32: compiler.err.duplicate.annotation
1 error
