InvalidLocation.java:33:29: compiler.err.annotation.type.not.applicable
1 error
