AnnotationVersion.java:31:25: compiler.err.type.annotations.not.supported.in.source: 1.6
1 error
