IncompleteArray.java:31:13: compiler.err.illegal.start.of.type
1 error
