IncompleteVararg.java:32:19: compiler.err.illegal.start.of.type
1 error
