OldArray.java:32:11: compiler.err.expected: ']'
1 error
