Scopes.java:30:25: compiler.err.cant.resolve: kindname.class, UniqueInner, , 
1 error
