DuplicateTypeAnnotation.java:31:38: compiler.err.duplicate.annotation
1 error
