InvalidLocation.java:31:33: compiler.err.annotation.type.not.applicable
1 error
