DuplicateTypeAnnotation.java:11:9: compiler.err.duplicate.annotation.missing.container: A
DuplicateTypeAnnotation.java:11:12: compiler.err.duplicate.annotation.missing.container: A
2 errors