InvalidLocation.java:33:9: compiler.err.annotation.type.not.applicable
1 error
