MissingAnnotationValue.java:32:9: compiler.err.annotation.missing.default.value: A, field
1 error
