NotTypeParameter.java:35:3: compiler.err.annotation.type.not.applicable
NotTypeParameter.java:34:18: compiler.err.annotation.type.not.applicable
2 errors
