VoidMethod.java:35:3: compiler.err.annotation.type.not.applicable
1 error
