DuplicateTypeAnnotation.java:11:12: compiler.err.duplicate.annotation.missing.container: A, java.lang.annotation.ContainedBy
DuplicateTypeAnnotation.java:11:15: compiler.err.duplicate.annotation.missing.container: A, java.lang.annotation.ContainedBy
2 errors
