DuplicateAnnotationValue.java:32:39: compiler.err.duplicate.annotation.member.value: value, A
1 error
