MissingAnnotationValue.java:32:17: compiler.err.annotation.missing.default.value: A, field
1 error
