DuplicateTypeAnnotation.java:11:29: compiler.err.duplicate.annotation.missing.container: A, java.lang.annotation.ContainedBy
DuplicateTypeAnnotation.java:11:32: compiler.err.duplicate.annotation.missing.container: A, java.lang.annotation.ContainedBy
2 errors
