DuplicateTypeAnnotation.java:10:21: compiler.err.duplicate.annotation.missing.container: A
DuplicateTypeAnnotation.java:10:24: compiler.err.duplicate.annotation.missing.container: A
2 errors