InvalidLocation.java:32:19: compiler.err.annotation.type.not.applicable
1 error
