DuplicateTypeAnnotation.java:33:15: compiler.err.duplicate.annotation
1 error
