MissingAnnotationValue.java:32:12: compiler.err.annotation.missing.default.value: A, field
1 error
