DuplicateTypeAnnotation.java:32:24: compiler.err.duplicate.annotation
1 error
