MissingAnnotationValue.java:31:26: compiler.err.annotation.missing.default.value: A, field
1 error
