DuplicateTypeAnnotation.java:10:21: compiler.err.duplicate.annotation.missing.container: A, java.lang.annotation.ContainedBy
DuplicateTypeAnnotation.java:10:24: compiler.err.duplicate.annotation.missing.container: A, java.lang.annotation.ContainedBy
2 errors