DuplicateTypeAnnotation.java:11:17: compiler.err.duplicate.annotation.missing.container: A, java.lang.annotation.ContainedBy
DuplicateTypeAnnotation.java:11:20: compiler.err.duplicate.annotation.missing.container: A, java.lang.annotation.ContainedBy
2 errors
