DuplicateAnnotationValue.java:30:54: compiler.err.duplicate.annotation.member.value: value, A
1 error
