DuplicateTypeAnnotation.java:31:28: compiler.err.duplicate.annotation
1 error
