MissingAnnotationValue.java:30:30: compiler.err.annotation.missing.default.value: A, field
1 error
