DuplicateAnnotationValue.java:32:45: compiler.err.duplicate.annotation.member.value: value, A
1 error
