DuplicateTypeAnnotation.java:33:26: compiler.err.duplicate.annotation
1 error
