AnnotatedImport.java:11:13: compiler.err.expected: token.identifier
AnnotatedImport.java:11:16: compiler.err.expected3: class, interface, enum
AnnotatedImport.java:12:7: compiler.err.expected: token.identifier
AnnotatedImport.java:12:11: compiler.err.expected3: class, interface, enum
AnnotatedImport.java:13:18: compiler.err.expected: token.identifier
AnnotatedImport.java:13:21: compiler.err.expected3: class, interface, enum
6 errors
