DuplicateTypeAnnotation.java:9:35: compiler.err.duplicate.annotation.missing.container: A, java.lang.annotation.ContainedBy
DuplicateTypeAnnotation.java:9:38: compiler.err.duplicate.annotation.missing.container: A, java.lang.annotation.ContainedBy
2 errors